../Drivers/STM32L4xx_HAL_Driver/Inc/stm32l4xx_ll_bus.h:565:22:LL_AHB2_GRP1_EnableClock	24	static
../Drivers/STM32L4xx_HAL_Driver/Inc/stm32l4xx_ll_gpio.h:286:22:LL_GPIO_SetPinMode	48	static,ignoring_inline_asm
../Drivers/STM32L4xx_HAL_Driver/Inc/stm32l4xx_ll_gpio.h:355:22:LL_GPIO_SetPinOutputType	24	static
../Drivers/STM32L4xx_HAL_Driver/Inc/stm32l4xx_ll_gpio.h:876:26:LL_GPIO_IsInputPinSet	16	static
../Drivers/STM32L4xx_HAL_Driver/Inc/stm32l4xx_ll_gpio.h:957:22:LL_GPIO_SetOutputPin	16	static
../Drivers/STM32L4xx_HAL_Driver/Inc/stm32l4xx_ll_gpio.h:986:22:LL_GPIO_ResetOutputPin	16	static
../Core/Src/gpio.c:18:6:GPIO_init	8	static
../Core/Src/gpio.c:86:6:LED_GREEN	16	static
../Core/Src/gpio.c:96:5:BLUE_BUTTON	8	static
