../Drivers/CMSIS/Include/core_cm4.h:1648:22:__NVIC_SetPriorityGrouping	24	static
../Drivers/CMSIS/Include/core_cm4.h:1679:22:__NVIC_EnableIRQ	16	static,ignoring_inline_asm
../Drivers/CMSIS/Include/core_cm4.h:1809:22:__NVIC_SetPriority	16	static
../Drivers/CMSIS/Include/core_cm4.h:2017:26:SysTick_Config	16	static
../Drivers/STM32L4xx_HAL_Driver/Inc/stm32l4xx_ll_rcc.h:2362:26:LL_RCC_LSE_IsReady	4	static
../Drivers/STM32L4xx_HAL_Driver/Inc/stm32l4xx_ll_rcc.h:2523:22:LL_RCC_MSI_EnablePLLMode	4	static
../Drivers/STM32L4xx_HAL_Driver/Inc/stm32l4xx_ll_bus.h:1089:22:LL_APB1_GRP1_EnableClock	24	static
../Drivers/STM32L4xx_HAL_Driver/Inc/stm32l4xx_ll_bus.h:1675:22:LL_APB2_GRP1_EnableClock	24	static
../Drivers/STM32L4xx_HAL_Driver/Inc/stm32l4xx_ll_exti.h:306:22:LL_EXTI_EnableIT_0_31	16	static
../Drivers/STM32L4xx_HAL_Driver/Inc/stm32l4xx_ll_exti.h:739:22:LL_EXTI_EnableRisingTrig_0_31	16	static
../Drivers/STM32L4xx_HAL_Driver/Inc/stm32l4xx_ll_exti.h:1299:22:LL_EXTI_ClearFlag_0_31	16	static
../Drivers/STM32L4xx_HAL_Driver/Inc/stm32l4xx_ll_cortex.h:310:22:LL_LPM_EnableSleep	4	static
../Drivers/STM32L4xx_HAL_Driver/Inc/stm32l4xx_ll_cortex.h:321:22:LL_LPM_EnableDeepSleep	4	static
../Drivers/STM32L4xx_HAL_Driver/Inc/stm32l4xx_ll_pwr.h:398:22:LL_PWR_EnableBkUpAccess	4	static
../Drivers/STM32L4xx_HAL_Driver/Inc/stm32l4xx_ll_pwr.h:434:22:LL_PWR_SetPowerMode	16	static
../Drivers/STM32L4xx_HAL_Driver/Inc/stm32l4xx_ll_pwr.h:714:22:LL_PWR_EnableInternWU	4	static
../Drivers/STM32L4xx_HAL_Driver/Inc/stm32l4xx_ll_rtc.h:1355:22:LL_RTC_EnableWriteProtection	16	static
../Drivers/STM32L4xx_HAL_Driver/Inc/stm32l4xx_ll_rtc.h:1366:22:LL_RTC_DisableWriteProtection	16	static
../Drivers/STM32L4xx_HAL_Driver/Inc/stm32l4xx_ll_rtc.h:3147:22:LL_RTC_WAKEUP_Enable	16	static
../Drivers/STM32L4xx_HAL_Driver/Inc/stm32l4xx_ll_rtc.h:3159:22:LL_RTC_WAKEUP_Disable	16	static
../Drivers/STM32L4xx_HAL_Driver/Inc/stm32l4xx_ll_rtc.h:3190:22:LL_RTC_WAKEUP_SetClock	16	static
../Drivers/STM32L4xx_HAL_Driver/Inc/stm32l4xx_ll_rtc.h:3220:22:LL_RTC_WAKEUP_SetAutoReload	16	static
../Drivers/STM32L4xx_HAL_Driver/Inc/stm32l4xx_ll_rtc.h:4839:22:LL_RTC_BAK_SetRegister	32	static
../Drivers/STM32L4xx_HAL_Driver/Inc/stm32l4xx_ll_rtc.h:4889:26:LL_RTC_BAK_GetRegister	24	static
../Drivers/STM32L4xx_HAL_Driver/Inc/stm32l4xx_ll_rtc.h:5106:22:LL_RTC_ClearFlag_WUT	16	static
../Drivers/STM32L4xx_HAL_Driver/Inc/stm32l4xx_ll_rtc.h:5196:26:LL_RTC_IsActiveFlag_WUTW	16	static
../Drivers/STM32L4xx_HAL_Driver/Inc/stm32l4xx_ll_rtc.h:5264:22:LL_RTC_EnableIT_WUT	16	static
../Core/Src/main.c:27:6:save_and_increment_expe	16	static
../Core/Src/main.c:39:5:main	8	static,ignoring_inline_asm
../Core/Src/main.c:117:6:SysTick_Handler	8	static,ignoring_inline_asm
../Core/Src/main.c:261:6:RTC_wakeup_init	16	static
../Core/Src/main.c:278:6:RTC_wakeup_init_from_standby_or_shutdown	16	static
../Core/Src/main.c:288:6:RTC_wakeup_init_from_stop	16	static
../Core/Src/main.c:299:6:RTC_WKUP_IRQHandler	8	static
