Archive member included to satisfy reference by file (symbol)

c:/st/stm32cubeide_1.12.1/stm32cubeide/plugins/com.st.stm32cube.ide.mcu.externaltools.gnu-tools-for-stm32.10.3-2021.10.win32_1.0.200.202301161003/tools/bin/../lib/gcc/arm-none-eabi/10.3.1/../../../../arm-none-eabi/lib/thumb/v7e-m+fp/hard\libc_nano.a(lib_a-errno.o)
                              ./Core/Src/syscalls.o (__errno)
c:/st/stm32cubeide_1.12.1/stm32cubeide/plugins/com.st.stm32cube.ide.mcu.externaltools.gnu-tools-for-stm32.10.3-2021.10.win32_1.0.200.202301161003/tools/bin/../lib/gcc/arm-none-eabi/10.3.1/../../../../arm-none-eabi/lib/thumb/v7e-m+fp/hard\libc_nano.a(lib_a-exit.o)
                              c:/st/stm32cubeide_1.12.1/stm32cubeide/plugins/com.st.stm32cube.ide.mcu.externaltools.gnu-tools-for-stm32.10.3-2021.10.win32_1.0.200.202301161003/tools/bin/../lib/gcc/arm-none-eabi/10.3.1/../../../../arm-none-eabi/lib/thumb/v7e-m+fp/hard/crt0.o (exit)
c:/st/stm32cubeide_1.12.1/stm32cubeide/plugins/com.st.stm32cube.ide.mcu.externaltools.gnu-tools-for-stm32.10.3-2021.10.win32_1.0.200.202301161003/tools/bin/../lib/gcc/arm-none-eabi/10.3.1/../../../../arm-none-eabi/lib/thumb/v7e-m+fp/hard\libc_nano.a(lib_a-impure.o)
                              c:/st/stm32cubeide_1.12.1/stm32cubeide/plugins/com.st.stm32cube.ide.mcu.externaltools.gnu-tools-for-stm32.10.3-2021.10.win32_1.0.200.202301161003/tools/bin/../lib/gcc/arm-none-eabi/10.3.1/../../../../arm-none-eabi/lib/thumb/v7e-m+fp/hard\libc_nano.a(lib_a-exit.o) (_global_impure_ptr)
c:/st/stm32cubeide_1.12.1/stm32cubeide/plugins/com.st.stm32cube.ide.mcu.externaltools.gnu-tools-for-stm32.10.3-2021.10.win32_1.0.200.202301161003/tools/bin/../lib/gcc/arm-none-eabi/10.3.1/../../../../arm-none-eabi/lib/thumb/v7e-m+fp/hard\libc_nano.a(lib_a-init.o)
                              c:/st/stm32cubeide_1.12.1/stm32cubeide/plugins/com.st.stm32cube.ide.mcu.externaltools.gnu-tools-for-stm32.10.3-2021.10.win32_1.0.200.202301161003/tools/bin/../lib/gcc/arm-none-eabi/10.3.1/../../../../arm-none-eabi/lib/thumb/v7e-m+fp/hard/crt0.o (__libc_init_array)
c:/st/stm32cubeide_1.12.1/stm32cubeide/plugins/com.st.stm32cube.ide.mcu.externaltools.gnu-tools-for-stm32.10.3-2021.10.win32_1.0.200.202301161003/tools/bin/../lib/gcc/arm-none-eabi/10.3.1/../../../../arm-none-eabi/lib/thumb/v7e-m+fp/hard\libc_nano.a(lib_a-memset.o)
                              c:/st/stm32cubeide_1.12.1/stm32cubeide/plugins/com.st.stm32cube.ide.mcu.externaltools.gnu-tools-for-stm32.10.3-2021.10.win32_1.0.200.202301161003/tools/bin/../lib/gcc/arm-none-eabi/10.3.1/../../../../arm-none-eabi/lib/thumb/v7e-m+fp/hard/crt0.o (memset)

Discarded input sections

 .text          0x0000000000000000        0x0 c:/st/stm32cubeide_1.12.1/stm32cubeide/plugins/com.st.stm32cube.ide.mcu.externaltools.gnu-tools-for-stm32.10.3-2021.10.win32_1.0.200.202301161003/tools/bin/../lib/gcc/arm-none-eabi/10.3.1/thumb/v7e-m+fp/hard/crti.o
 .data          0x0000000000000000        0x0 c:/st/stm32cubeide_1.12.1/stm32cubeide/plugins/com.st.stm32cube.ide.mcu.externaltools.gnu-tools-for-stm32.10.3-2021.10.win32_1.0.200.202301161003/tools/bin/../lib/gcc/arm-none-eabi/10.3.1/thumb/v7e-m+fp/hard/crti.o
 .bss           0x0000000000000000        0x0 c:/st/stm32cubeide_1.12.1/stm32cubeide/plugins/com.st.stm32cube.ide.mcu.externaltools.gnu-tools-for-stm32.10.3-2021.10.win32_1.0.200.202301161003/tools/bin/../lib/gcc/arm-none-eabi/10.3.1/thumb/v7e-m+fp/hard/crti.o
 .data          0x0000000000000000        0x4 c:/st/stm32cubeide_1.12.1/stm32cubeide/plugins/com.st.stm32cube.ide.mcu.externaltools.gnu-tools-for-stm32.10.3-2021.10.win32_1.0.200.202301161003/tools/bin/../lib/gcc/arm-none-eabi/10.3.1/thumb/v7e-m+fp/hard/crtbegin.o
 .rodata        0x0000000000000000       0x24 c:/st/stm32cubeide_1.12.1/stm32cubeide/plugins/com.st.stm32cube.ide.mcu.externaltools.gnu-tools-for-stm32.10.3-2021.10.win32_1.0.200.202301161003/tools/bin/../lib/gcc/arm-none-eabi/10.3.1/thumb/v7e-m+fp/hard/crtbegin.o
 .text          0x0000000000000000       0x7c c:/st/stm32cubeide_1.12.1/stm32cubeide/plugins/com.st.stm32cube.ide.mcu.externaltools.gnu-tools-for-stm32.10.3-2021.10.win32_1.0.200.202301161003/tools/bin/../lib/gcc/arm-none-eabi/10.3.1/../../../../arm-none-eabi/lib/thumb/v7e-m+fp/hard/crt0.o
 .data          0x0000000000000000        0x0 c:/st/stm32cubeide_1.12.1/stm32cubeide/plugins/com.st.stm32cube.ide.mcu.externaltools.gnu-tools-for-stm32.10.3-2021.10.win32_1.0.200.202301161003/tools/bin/../lib/gcc/arm-none-eabi/10.3.1/../../../../arm-none-eabi/lib/thumb/v7e-m+fp/hard/crt0.o
 .bss           0x0000000000000000        0x0 c:/st/stm32cubeide_1.12.1/stm32cubeide/plugins/com.st.stm32cube.ide.mcu.externaltools.gnu-tools-for-stm32.10.3-2021.10.win32_1.0.200.202301161003/tools/bin/../lib/gcc/arm-none-eabi/10.3.1/../../../../arm-none-eabi/lib/thumb/v7e-m+fp/hard/crt0.o
[...]
Memory Configuration

Name             Origin             Length             Attributes
RAM              0x0000000020000000 0x0000000000018000 xrw
RAM2             0x0000000010000000 0x0000000000008000 xrw
FLASH            0x0000000008000000 0x0000000000100000 xr
*default*        0x0000000000000000 0xffffffffffffffff

Linker script and memory map

LOAD c:/st/stm32cubeide_1.12.1/stm32cubeide/plugins/com.st.stm32cube.ide.mcu.externaltools.gnu-tools-for-stm32.10.3-2021.10.win32_1.0.200.202301161003/tools/bin/../lib/gcc/arm-none-eabi/10.3.1/thumb/v7e-m+fp/hard/crti.o
LOAD c:/st/stm32cubeide_1.12.1/stm32cubeide/plugins/com.st.stm32cube.ide.mcu.externaltools.gnu-tools-for-stm32.10.3-2021.10.win32_1.0.200.202301161003/tools/bin/../lib/gcc/arm-none-eabi/10.3.1/thumb/v7e-m+fp/hard/crtbegin.o
LOAD c:/st/stm32cubeide_1.12.1/stm32cubeide/plugins/com.st.stm32cube.ide.mcu.externaltools.gnu-tools-for-stm32.10.3-2021.10.win32_1.0.200.202301161003/tools/bin/../lib/gcc/arm-none-eabi/10.3.1/../../../../arm-none-eabi/lib/thumb/v7e-m+fp/hard/crt0.o
LOAD ./Core/Src/clock.o
LOAD ./Core/Src/gpio.o
LOAD ./Core/Src/main.o
LOAD ./Core/Src/stm32l4xx_it.o
LOAD ./Core/Src/syscalls.o
LOAD ./Core/Src/sysmem.o
LOAD ./Core/Src/system_stm32l4xx.o
LOAD ./Core/Startup/startup_stm32l476rgtx.o
LOAD ./Drivers/STM32L4xx_HAL_Driver/Src/stm32l4xx_ll_exti.o
LOAD ./Drivers/STM32L4xx_HAL_Driver/Src/stm32l4xx_ll_gpio.o
LOAD ./Drivers/STM32L4xx_HAL_Driver/Src/stm32l4xx_ll_pwr.o
LOAD ./Drivers/STM32L4xx_HAL_Driver/Src/stm32l4xx_ll_rtc.o
LOAD ./Drivers/STM32L4xx_HAL_Driver/Src/stm32l4xx_ll_utils.o
START GROUP
LOAD c:/st/stm32cubeide_1.12.1/stm32cubeide/plugins/com.st.stm32cube.ide.mcu.externaltools.gnu-tools-for-stm32.10.3-2021.10.win32_1.0.200.202301161003/tools/bin/../lib/gcc/arm-none-eabi/10.3.1/../../../../arm-none-eabi/lib/thumb/v7e-m+fp/hard\libc_nano.a
LOAD c:/st/stm32cubeide_1.12.1/stm32cubeide/plugins/com.st.stm32cube.ide.mcu.externaltools.gnu-tools-for-stm32.10.3-2021.10.win32_1.0.200.202301161003/tools/bin/../lib/gcc/arm-none-eabi/10.3.1/../../../../arm-none-eabi/lib/thumb/v7e-m+fp/hard\libm.a
END GROUP
START GROUP
LOAD c:/st/stm32cubeide_1.12.1/stm32cubeide/plugins/com.st.stm32cube.ide.mcu.externaltools.gnu-tools-for-stm32.10.3-2021.10.win32_1.0.200.202301161003/tools/bin/../lib/gcc/arm-none-eabi/10.3.1/thumb/v7e-m+fp/hard\libgcc.a
LOAD c:/st/stm32cubeide_1.12.1/stm32cubeide/plugins/com.st.stm32cube.ide.mcu.externaltools.gnu-tools-for-stm32.10.3-2021.10.win32_1.0.200.202301161003/tools/bin/../lib/gcc/arm-none-eabi/10.3.1/../../../../arm-none-eabi/lib/thumb/v7e-m+fp/hard\libc_nano.a
END GROUP
START GROUP
LOAD c:/st/stm32cubeide_1.12.1/stm32cubeide/plugins/com.st.stm32cube.ide.mcu.externaltools.gnu-tools-for-stm32.10.3-2021.10.win32_1.0.200.202301161003/tools/bin/../lib/gcc/arm-none-eabi/10.3.1/thumb/v7e-m+fp/hard\libgcc.a
LOAD c:/st/stm32cubeide_1.12.1/stm32cubeide/plugins/com.st.stm32cube.ide.mcu.externaltools.gnu-tools-for-stm32.10.3-2021.10.win32_1.0.200.202301161003/tools/bin/../lib/gcc/arm-none-eabi/10.3.1/../../../../arm-none-eabi/lib/thumb/v7e-m+fp/hard\libc_nano.a
LOAD c:/st/stm32cubeide_1.12.1/stm32cubeide/plugins/com.st.stm32cube.ide.mcu.externaltools.gnu-tools-for-stm32.10.3-2021.10.win32_1.0.200.202301161003/tools/bin/../lib/gcc/arm-none-eabi/10.3.1/../../../../arm-none-eabi/lib/thumb/v7e-m+fp/hard\libnosys.a
END GROUP
START GROUP
LOAD c:/st/stm32cubeide_1.12.1/stm32cubeide/plugins/com.st.stm32cube.ide.mcu.externaltools.gnu-tools-for-stm32.10.3-2021.10.win32_1.0.200.202301161003/tools/bin/../lib/gcc/arm-none-eabi/10.3.1/thumb/v7e-m+fp/hard\libgcc.a
LOAD c:/st/stm32cubeide_1.12.1/stm32cubeide/plugins/com.st.stm32cube.ide.mcu.externaltools.gnu-tools-for-stm32.10.3-2021.10.win32_1.0.200.202301161003/tools/bin/../lib/gcc/arm-none-eabi/10.3.1/../../../../arm-none-eabi/lib/thumb/v7e-m+fp/hard\libc_nano.a
LOAD c:/st/stm32cubeide_1.12.1/stm32cubeide/plugins/com.st.stm32cube.ide.mcu.externaltools.gnu-tools-for-stm32.10.3-2021.10.win32_1.0.200.202301161003/tools/bin/../lib/gcc/arm-none-eabi/10.3.1/../../../../arm-none-eabi/lib/thumb/v7e-m+fp/hard\libnosys.a
END GROUP
LOAD c:/st/stm32cubeide_1.12.1/stm32cubeide/plugins/com.st.stm32cube.ide.mcu.externaltools.gnu-tools-for-stm32.10.3-2021.10.win32_1.0.200.202301161003/tools/bin/../lib/gcc/arm-none-eabi/10.3.1/thumb/v7e-m+fp/hard/crtend.o
LOAD c:/st/stm32cubeide_1.12.1/stm32cubeide/plugins/com.st.stm32cube.ide.mcu.externaltools.gnu-tools-for-stm32.10.3-2021.10.win32_1.0.200.202301161003/tools/bin/../lib/gcc/arm-none-eabi/10.3.1/thumb/v7e-m+fp/hard/crtn.o
                0x0000000020018000                _estack = (ORIGIN (RAM) + LENGTH (RAM))
                0x0000000000000200                _Min_Heap_Size = 0x200
                0x0000000000000400                _Min_Stack_Size = 0x400

.isr_vector     0x0000000008000000      0x188
                0x0000000008000000                . = ALIGN (0x4)
 *(.isr_vector)
 .isr_vector    0x0000000008000000      0x188 ./Core/Startup/startup_stm32l476rgtx.o
                0x0000000008000000                g_pfnVectors
                0x0000000008000188                . = ALIGN (0x4)

.text           0x0000000008000188     0x1524
                0x0000000008000188                . = ALIGN (0x4)
 *(.text)
 .text          0x0000000008000188       0x40 c:/st/stm32cubeide_1.12.1/stm32cubeide/plugins/com.st.stm32cube.ide.mcu.externaltools.gnu-tools-for-stm32.10.3-2021.10.win32_1.0.200.202301161003/tools/bin/../lib/gcc/arm-none-eabi/10.3.1/thumb/v7e-m+fp/hard/crtbegin.o
 *(.text*)
 .text.LL_RCC_LSE_Enable
                0x00000000080001c8       0x24 ./Core/Src/clock.o
 .text.LL_RCC_LSE_IsReady
                0x00000000080001ec       0x28 ./Core/Src/clock.o
 .text.LL_RCC_LSI_Enable
                0x0000000008000214       0x24 ./Core/Src/clock.o
 .text.LL_RCC_LSI_IsReady
                0x0000000008000238       0x28 ./Core/Src/clock.o
 .text.LL_RCC_MSI_Enable
                0x0000000008000260       0x20 ./Core/Src/clock.o
 .text.LL_RCC_MSI_IsReady
                0x0000000008000280       0x24 ./Core/Src/clock.o
 .text.LL_RCC_MSI_EnableRangeSelection
                0x00000000080002a4       0x20 ./Core/Src/clock.o
 .text.LL_RCC_MSI_SetRange
                0x00000000080002c4       0x28 ./Core/Src/clock.o
 .text.LL_RCC_MSI_SetCalibTrimming
                0x00000000080002ec       0x2c ./Core/Src/clock.o
 .text.LL_RCC_SetSysClkSource
                0x0000000008000318       0x28 ./Core/Src/clock.o
 .text.LL_RCC_GetSysClkSource
                0x0000000008000340       0x1c ./Core/Src/clock.o
 .text.LL_RCC_SetAHBPrescaler
                0x000000000800035c       0x28 ./Core/Src/clock.o
 .text.LL_RCC_SetAPB1Prescaler
                0x0000000008000384       0x28 ./Core/Src/clock.o
 .text.LL_RCC_SetAPB2Prescaler
                0x00000000080003ac       0x28 ./Core/Src/clock.o
 .text.LL_RCC_SetRTCClockSource
                0x00000000080003d4       0x2c ./Core/Src/clock.o
 .text.LL_RCC_EnableRTC
                0x0000000008000400       0x24 ./Core/Src/clock.o
 .text.LL_RCC_ForceBackupDomainReset
                0x0000000008000424       0x24 ./Core/Src/clock.o
 .text.LL_RCC_ReleaseBackupDomainReset
                0x0000000008000448       0x24 ./Core/Src/clock.o
 .text.LL_RCC_PLL_Enable
                0x000000000800046c       0x20 ./Core/Src/clock.o
 .text.LL_RCC_PLL_IsReady
                0x000000000800048c       0x28 ./Core/Src/clock.o
 .text.LL_RCC_PLL_ConfigDomain_SYS
                0x00000000080004b4       0x40 ./Core/Src/clock.o
 .text.LL_RCC_PLL_EnableDomain_SYS
                0x00000000080004f4       0x20 ./Core/Src/clock.o
 .text.LL_PWR_SetRegulVoltageScaling
                0x0000000008000514       0x28 ./Core/Src/clock.o
 .text.LL_PWR_EnableBkUpAccess
                0x000000000800053c       0x20 ./Core/Src/clock.o
 .text.LL_RTC_SetAsynchPrescaler
                0x000000000800055c       0x28 ./Core/Src/clock.o
 .text.LL_RTC_SetSynchPrescaler
                0x0000000008000584       0x2a ./Core/Src/clock.o
 .text.LL_RTC_EnableWriteProtection
                0x00000000080005ae       0x1a ./Core/Src/clock.o
 .text.LL_RTC_DisableWriteProtection
                0x00000000080005c8       0x20 ./Core/Src/clock.o
 .text.LL_RTC_BAK_SetRegister
                0x00000000080005e8       0x32 ./Core/Src/clock.o
 *fill*         0x000000000800061a        0x2 
 .text.LL_FLASH_SetLatency
                0x000000000800061c       0x28 ./Core/Src/clock.o
 .text.LL_FLASH_GetLatency
                0x0000000008000644       0x1c ./Core/Src/clock.o
 .text.SystemClock_Config_exp1
                0x0000000008000660       0xa0 ./Core/Src/clock.o
                0x0000000008000660                SystemClock_Config_exp1
 .text.SystemClock_Config_exp2
                0x0000000008000700       0x64 ./Core/Src/clock.o
                0x0000000008000700                SystemClock_Config_exp2
 .text.SystemClock_Config_exp3
                0x0000000008000764       0x60 ./Core/Src/clock.o
                0x0000000008000764                SystemClock_Config_exp3
 .text.RTC_Init_ColdStart
                0x00000000080007c4       0x58 ./Core/Src/clock.o
                0x00000000080007c4                RTC_Init_ColdStart
 .text.RTC_Init_HotStart
                0x000000000800081c       0x34 ./Core/Src/clock.o
                0x000000000800081c                RTC_Init_HotStart
 .text.SystemClock_Config_exp5
                0x0000000008000850       0x70 ./Core/Src/clock.o
                0x0000000008000850                SystemClock_Config_exp5
 .text.LL_AHB2_GRP1_EnableClock
                0x00000000080008c0       0x30 ./Core/Src/gpio.o
 .text.LL_GPIO_SetPinMode
                0x00000000080008f0       0x7a ./Core/Src/gpio.o
 .text.LL_GPIO_SetPinOutputType
                0x000000000800096a       0x30 ./Core/Src/gpio.o
 .text.LL_GPIO_IsInputPinSet
                0x000000000800099a       0x2a ./Core/Src/gpio.o
 .text.LL_GPIO_SetOutputPin
                0x00000000080009c4       0x1c ./Core/Src/gpio.o
 .text.LL_GPIO_ResetOutputPin
                0x00000000080009e0       0x1c ./Core/Src/gpio.o
 .text.GPIO_init
                0x00000000080009fc       0x54 ./Core/Src/gpio.o
                0x00000000080009fc                GPIO_init
 .text.LED_GREEN
                0x0000000008000a50       0x2c ./Core/Src/gpio.o
                0x0000000008000a50                LED_GREEN
 .text.BLUE_BUTTON
                0x0000000008000a7c       0x24 ./Core/Src/gpio.o
                0x0000000008000a7c                BLUE_BUTTON
 .text.__NVIC_SetPriorityGrouping
                0x0000000008000aa0       0x48 ./Core/Src/main.o
 .text.__NVIC_EnableIRQ
                0x0000000008000ae8       0x3c ./Core/Src/main.o
 .text.__NVIC_SetPriority
                0x0000000008000b24       0x54 ./Core/Src/main.o
 .text.SysTick_Config
                0x0000000008000b78       0x44 ./Core/Src/main.o
 .text.LL_RCC_LSE_IsReady
                0x0000000008000bbc       0x28 ./Core/Src/main.o
 .text.LL_RCC_MSI_EnablePLLMode
                0x0000000008000be4       0x20 ./Core/Src/main.o
 .text.LL_APB1_GRP1_EnableClock
                0x0000000008000c04       0x30 ./Core/Src/main.o
 .text.LL_APB2_GRP1_EnableClock
                0x0000000008000c34       0x30 ./Core/Src/main.o
 .text.LL_EXTI_EnableIT_0_31
                0x0000000008000c64       0x24 ./Core/Src/main.o
 .text.LL_EXTI_EnableRisingTrig_0_31
                0x0000000008000c88       0x24 ./Core/Src/main.o
 .text.LL_EXTI_ClearFlag_0_31
                0x0000000008000cac       0x20 ./Core/Src/main.o
 .text.LL_LPM_EnableSleep
                0x0000000008000ccc       0x20 ./Core/Src/main.o
 .text.LL_LPM_EnableDeepSleep
                0x0000000008000cec       0x20 ./Core/Src/main.o
 .text.LL_PWR_EnableBkUpAccess
                0x0000000008000d0c       0x20 ./Core/Src/main.o
 .text.LL_PWR_SetPowerMode
                0x0000000008000d2c       0x28 ./Core/Src/main.o
 .text.LL_PWR_EnableInternWU
                0x0000000008000d54       0x20 ./Core/Src/main.o
 .text.LL_RTC_EnableWriteProtection
                0x0000000008000d74       0x1a ./Core/Src/main.o
 .text.LL_RTC_DisableWriteProtection
                0x0000000008000d8e       0x20 ./Core/Src/main.o
 .text.LL_RTC_WAKEUP_Enable
                0x0000000008000dae       0x20 ./Core/Src/main.o
 .text.LL_RTC_WAKEUP_Disable
                0x0000000008000dce       0x20 ./Core/Src/main.o
 .text.LL_RTC_WAKEUP_SetClock
                0x0000000008000dee       0x26 ./Core/Src/main.o
 .text.LL_RTC_WAKEUP_SetAutoReload
                0x0000000008000e14       0x26 ./Core/Src/main.o
 .text.LL_RTC_BAK_SetRegister
                0x0000000008000e3a       0x32 ./Core/Src/main.o
 .text.LL_RTC_BAK_GetRegister
                0x0000000008000e6c       0x2e ./Core/Src/main.o
 .text.LL_RTC_ClearFlag_WUT
                0x0000000008000e9a       0x22 ./Core/Src/main.o
 .text.LL_RTC_IsActiveFlag_WUTW
                0x0000000008000ebc       0x26 ./Core/Src/main.o
 .text.LL_RTC_EnableIT_WUT
                0x0000000008000ee2       0x20 ./Core/Src/main.o
 *fill*         0x0000000008000f02        0x2 
 .text.save_and_increment_expe
                0x0000000008000f04       0x3c ./Core/Src/main.o
                0x0000000008000f04                save_and_increment_expe
 .text.main     0x0000000008000f40      0x114 ./Core/Src/main.o
                0x0000000008000f40                main
 .text.SysTick_Handler
                0x0000000008001054      0x410 ./Core/Src/main.o
                0x0000000008001054                SysTick_Handler
 .text.RTC_wakeup_init
                0x0000000008001464       0x58 ./Core/Src/main.o
                0x0000000008001464                RTC_wakeup_init
 .text.RTC_wakeup_init_from_standby_or_shutdown
                0x00000000080014bc       0x1a ./Core/Src/main.o
                0x00000000080014bc                RTC_wakeup_init_from_standby_or_shutdown
 .text.RTC_wakeup_init_from_stop
                0x00000000080014d6       0x34 ./Core/Src/main.o
                0x00000000080014d6                RTC_wakeup_init_from_stop
 .text.RTC_WKUP_IRQHandler
                0x000000000800150a       0x10 ./Core/Src/main.o
                0x000000000800150a                RTC_WKUP_IRQHandler
 .text.NMI_Handler
                0x000000000800151a        0xe ./Core/Src/stm32l4xx_it.o
                0x000000000800151a                NMI_Handler
 .text.HardFault_Handler
                0x0000000008001528        0x6 ./Core/Src/stm32l4xx_it.o
                0x0000000008001528                HardFault_Handler
 .text.MemManage_Handler
                0x000000000800152e        0x6 ./Core/Src/stm32l4xx_it.o
                0x000000000800152e                MemManage_Handler
 .text.BusFault_Handler
                0x0000000008001534        0x6 ./Core/Src/stm32l4xx_it.o
                0x0000000008001534                BusFault_Handler
 .text.UsageFault_Handler
                0x000000000800153a        0x6 ./Core/Src/stm32l4xx_it.o
                0x000000000800153a                UsageFault_Handler
 .text.SVC_Handler
                0x0000000008001540        0xe ./Core/Src/stm32l4xx_it.o
                0x0000000008001540                SVC_Handler
 .text.DebugMon_Handler
                0x000000000800154e        0xe ./Core/Src/stm32l4xx_it.o
                0x000000000800154e                DebugMon_Handler
 .text.PendSV_Handler
                0x000000000800155c        0xe ./Core/Src/stm32l4xx_it.o
                0x000000000800155c                PendSV_Handler
 *fill*         0x000000000800156a        0x2 
 .text.SystemInit
                0x000000000800156c       0x6c ./Core/Src/system_stm32l4xx.o
                0x000000000800156c                SystemInit
 .text.Reset_Handler
                0x00000000080015d8       0x50 ./Core/Startup/startup_stm32l476rgtx.o
                0x00000000080015d8                Reset_Handler
 .text.Default_Handler
                0x0000000008001628        0x2 ./Core/Startup/startup_stm32l476rgtx.o
                0x0000000008001628                RTC_Alarm_IRQHandler
                0x0000000008001628                EXTI2_IRQHandler
                0x0000000008001628                TIM8_TRG_COM_IRQHandler
                0x0000000008001628                TIM8_CC_IRQHandler
                0x0000000008001628                TIM1_CC_IRQHandler
                0x0000000008001628                TSC_IRQHandler
                0x0000000008001628                TAMP_STAMP_IRQHandler
                0x0000000008001628                EXTI3_IRQHandler
                0x0000000008001628                LPTIM2_IRQHandler
                0x0000000008001628                DFSDM1_FLT1_IRQHandler
                0x0000000008001628                I2C3_ER_IRQHandler
                0x0000000008001628                DFSDM1_FLT2_IRQHandler
                0x0000000008001628                EXTI0_IRQHandler
                0x0000000008001628                I2C2_EV_IRQHandler
                0x0000000008001628                CAN1_RX0_IRQHandler
                0x0000000008001628                FPU_IRQHandler
                0x0000000008001628                TIM1_UP_TIM16_IRQHandler
                0x0000000008001628                ADC1_2_IRQHandler
                0x0000000008001628                SPI1_IRQHandler
                0x0000000008001628                TIM6_DAC_IRQHandler
                0x0000000008001628                TIM8_UP_IRQHandler
                0x0000000008001628                DMA2_Channel2_IRQHandler
                0x0000000008001628                DMA1_Channel4_IRQHandler
                0x0000000008001628                SAI2_IRQHandler
                0x0000000008001628                DFSDM1_FLT3_IRQHandler
                0x0000000008001628                USART3_IRQHandler
                0x0000000008001628                DMA1_Channel7_IRQHandler
                0x0000000008001628                CAN1_RX1_IRQHandler
                0x0000000008001628                LCD_IRQHandler
                0x0000000008001628                UART5_IRQHandler
                0x0000000008001628                ADC3_IRQHandler
                0x0000000008001628                TIM4_IRQHandler
                0x0000000008001628                DMA2_Channel1_IRQHandler
                0x0000000008001628                QUADSPI_IRQHandler
                0x0000000008001628                I2C1_EV_IRQHandler
                0x0000000008001628                DMA1_Channel6_IRQHandler
                0x0000000008001628                UART4_IRQHandler
                0x0000000008001628                DMA2_Channel4_IRQHandler
                0x0000000008001628                TIM3_IRQHandler
                0x0000000008001628                RCC_IRQHandler
                0x0000000008001628                DMA1_Channel1_IRQHandler
                0x0000000008001628                Default_Handler
                0x0000000008001628                DMA2_Channel7_IRQHandler
                0x0000000008001628                EXTI15_10_IRQHandler
                0x0000000008001628                TIM7_IRQHandler
                0x0000000008001628                SDMMC1_IRQHandler
                0x0000000008001628                TIM5_IRQHandler
                0x0000000008001628                I2C3_EV_IRQHandler
                0x0000000008001628                EXTI9_5_IRQHandler
                0x0000000008001628                PVD_PVM_IRQHandler
                0x0000000008001628                SPI2_IRQHandler
                0x0000000008001628                CAN1_TX_IRQHandler
                0x0000000008001628                DMA2_Channel5_IRQHandler
                0x0000000008001628                DMA1_Channel5_IRQHandler
                0x0000000008001628                EXTI4_IRQHandler
                0x0000000008001628                RNG_IRQHandler
                0x0000000008001628                TIM1_TRG_COM_TIM17_IRQHandler
                0x0000000008001628                DMA1_Channel3_IRQHandler
                0x0000000008001628                COMP_IRQHandler
                0x0000000008001628                WWDG_IRQHandler
                0x0000000008001628                LPUART1_IRQHandler
                0x0000000008001628                DMA2_Channel6_IRQHandler
                0x0000000008001628                TIM2_IRQHandler
                0x0000000008001628                EXTI1_IRQHandler
                0x0000000008001628                USART2_IRQHandler
                0x0000000008001628                DFSDM1_FLT0_IRQHandler
                0x0000000008001628                I2C2_ER_IRQHandler
                0x0000000008001628                DMA1_Channel2_IRQHandler
                0x0000000008001628                TIM8_BRK_IRQHandler
                0x0000000008001628                CAN1_SCE_IRQHandler
                0x0000000008001628                FLASH_IRQHandler
                0x0000000008001628                USART1_IRQHandler
                0x0000000008001628                OTG_FS_IRQHandler
                0x0000000008001628                SPI3_IRQHandler
                0x0000000008001628                I2C1_ER_IRQHandler
                0x0000000008001628                FMC_IRQHandler
                0x0000000008001628                SWPMI1_IRQHandler
                0x0000000008001628                LPTIM1_IRQHandler
                0x0000000008001628                SAI1_IRQHandler
                0x0000000008001628                DMA2_Channel3_IRQHandler
                0x0000000008001628                TIM1_BRK_TIM15_IRQHandler
 *fill*         0x000000000800162a        0x2 
 .text.LL_SetSystemCoreClock
                0x000000000800162c       0x20 ./Drivers/STM32L4xx_HAL_Driver/Src/stm32l4xx_ll_utils.o
                0x000000000800162c                LL_SetSystemCoreClock
 .text.__libc_init_array
                0x000000000800164c       0x48 c:/st/stm32cubeide_1.12.1/stm32cubeide/plugins/com.st.stm32cube.ide.mcu.externaltools.gnu-tools-for-stm32.10.3-2021.10.win32_1.0.200.202301161003/tools/bin/../lib/gcc/arm-none-eabi/10.3.1/../../../../arm-none-eabi/lib/thumb/v7e-m+fp/hard\libc_nano.a(lib_a-init.o)
                0x000000000800164c                __libc_init_array
 *(.glue_7)
 .glue_7        0x0000000008001694        0x0 linker stubs
 *(.glue_7t)
 .glue_7t       0x0000000008001694        0x0 linker stubs
 *(.eh_frame)
 .eh_frame      0x0000000008001694        0x0 c:/st/stm32cubeide_1.12.1/stm32cubeide/plugins/com.st.stm32cube.ide.mcu.externaltools.gnu-tools-for-stm32.10.3-2021.10.win32_1.0.200.202301161003/tools/bin/../lib/gcc/arm-none-eabi/10.3.1/thumb/v7e-m+fp/hard/crtbegin.o
 *(.init)
 .init          0x0000000008001694        0x4 c:/st/stm32cubeide_1.12.1/stm32cubeide/plugins/com.st.stm32cube.ide.mcu.externaltools.gnu-tools-for-stm32.10.3-2021.10.win32_1.0.200.202301161003/tools/bin/../lib/gcc/arm-none-eabi/10.3.1/thumb/v7e-m+fp/hard/crti.o
                0x0000000008001694                _init
 .init          0x0000000008001698        0x8 c:/st/stm32cubeide_1.12.1/stm32cubeide/plugins/com.st.stm32cube.ide.mcu.externaltools.gnu-tools-for-stm32.10.3-2021.10.win32_1.0.200.202301161003/tools/bin/../lib/gcc/arm-none-eabi/10.3.1/thumb/v7e-m+fp/hard/crtn.o
 *(.fini)
 .fini          0x00000000080016a0        0x4 c:/st/stm32cubeide_1.12.1/stm32cubeide/plugins/com.st.stm32cube.ide.mcu.externaltools.gnu-tools-for-stm32.10.3-2021.10.win32_1.0.200.202301161003/tools/bin/../lib/gcc/arm-none-eabi/10.3.1/thumb/v7e-m+fp/hard/crti.o
                0x00000000080016a0                _fini
 .fini          0x00000000080016a4        0x8 c:/st/stm32cubeide_1.12.1/stm32cubeide/plugins/com.st.stm32cube.ide.mcu.externaltools.gnu-tools-for-stm32.10.3-2021.10.win32_1.0.200.202301161003/tools/bin/../lib/gcc/arm-none-eabi/10.3.1/thumb/v7e-m+fp/hard/crtn.o
                0x00000000080016ac                . = ALIGN (0x4)
                0x00000000080016ac                _etext = .

.vfp11_veneer   0x00000000080016ac        0x0
 .vfp11_veneer  0x00000000080016ac        0x0 linker stubs

.v4_bx          0x00000000080016ac        0x0
 .v4_bx         0x00000000080016ac        0x0 linker stubs

.iplt           0x00000000080016ac        0x0
 .iplt          0x00000000080016ac        0x0 c:/st/stm32cubeide_1.12.1/stm32cubeide/plugins/com.st.stm32cube.ide.mcu.externaltools.gnu-tools-for-stm32.10.3-2021.10.win32_1.0.200.202301161003/tools/bin/../lib/gcc/arm-none-eabi/10.3.1/thumb/v7e-m+fp/hard/crtbegin.o

.rel.dyn        0x00000000080016ac        0x0
 .rel.iplt      0x00000000080016ac        0x0 c:/st/stm32cubeide_1.12.1/stm32cubeide/plugins/com.st.stm32cube.ide.mcu.externaltools.gnu-tools-for-stm32.10.3-2021.10.win32_1.0.200.202301161003/tools/bin/../lib/gcc/arm-none-eabi/10.3.1/thumb/v7e-m+fp/hard/crtbegin.o

.rodata         0x00000000080016ac        0x0
                0x00000000080016ac                . = ALIGN (0x4)
 *(.rodata)
 *(.rodata*)
                0x00000000080016ac                . = ALIGN (0x4)

.ARM.extab      0x00000000080016ac        0x0
                0x00000000080016ac                . = ALIGN (0x4)
 *(.ARM.extab* .gnu.linkonce.armextab.*)
                0x00000000080016ac                . = ALIGN (0x4)

.ARM            0x00000000080016ac        0x0
                0x00000000080016ac                . = ALIGN (0x4)
                0x00000000080016ac                __exidx_start = .
 *(.ARM.exidx*)
                0x00000000080016ac                __exidx_end = .
                0x00000000080016ac                . = ALIGN (0x4)

.preinit_array  0x00000000080016ac        0x0
                0x00000000080016ac                . = ALIGN (0x4)
                0x00000000080016ac                PROVIDE (__preinit_array_start = .)
 *(.preinit_array*)
                0x00000000080016ac                PROVIDE (__preinit_array_end = .)
                0x00000000080016ac                . = ALIGN (0x4)

.init_array     0x00000000080016ac        0x4
                0x00000000080016ac                . = ALIGN (0x4)
                0x00000000080016ac                PROVIDE (__init_array_start = .)
 *(SORT_BY_NAME(.init_array.*))
 *(.init_array*)
 .init_array    0x00000000080016ac        0x4 c:/st/stm32cubeide_1.12.1/stm32cubeide/plugins/com.st.stm32cube.ide.mcu.externaltools.gnu-tools-for-stm32.10.3-2021.10.win32_1.0.200.202301161003/tools/bin/../lib/gcc/arm-none-eabi/10.3.1/thumb/v7e-m+fp/hard/crtbegin.o
                0x00000000080016b0                PROVIDE (__init_array_end = .)
                0x00000000080016b0                . = ALIGN (0x4)

.fini_array     0x00000000080016b0        0x4
                0x00000000080016b0                . = ALIGN (0x4)
                [!provide]                        PROVIDE (__fini_array_start = .)
 *(SORT_BY_NAME(.fini_array.*))
 *(.fini_array*)
 .fini_array    0x00000000080016b0        0x4 c:/st/stm32cubeide_1.12.1/stm32cubeide/plugins/com.st.stm32cube.ide.mcu.externaltools.gnu-tools-for-stm32.10.3-2021.10.win32_1.0.200.202301161003/tools/bin/../lib/gcc/arm-none-eabi/10.3.1/thumb/v7e-m+fp/hard/crtbegin.o
                [!provide]                        PROVIDE (__fini_array_end = .)
                0x00000000080016b4                . = ALIGN (0x4)
                0x00000000080016b4                _sidata = LOADADDR (.data)

.data           0x0000000020000000        0x8 load address 0x00000000080016b4
                0x0000000020000000                . = ALIGN (0x4)
                0x0000000020000000                _sdata = .
 *(.data)
 *(.data*)
 .data.init     0x0000000020000000        0x4 ./Core/Src/main.o
                0x0000000020000000                init
 .data.SystemCoreClock
                0x0000000020000004        0x4 ./Core/Src/system_stm32l4xx.o
                0x0000000020000004                SystemCoreClock
                0x0000000020000008                . = ALIGN (0x4)
                0x0000000020000008                _edata = .

.igot.plt       0x0000000020000008        0x0 load address 0x00000000080016bc
 .igot.plt      0x0000000020000008        0x0 c:/st/stm32cubeide_1.12.1/stm32cubeide/plugins/com.st.stm32cube.ide.mcu.externaltools.gnu-tools-for-stm32.10.3-2021.10.win32_1.0.200.202301161003/tools/bin/../lib/gcc/arm-none-eabi/10.3.1/thumb/v7e-m+fp/hard/crtbegin.o
                0x0000000020000008                . = ALIGN (0x4)

.bss            0x0000000020000008       0x30 load address 0x00000000080016bc
                0x0000000020000008                _sbss = .
                0x0000000020000008                __bss_start__ = _sbss
 *(.bss)
 .bss           0x0000000020000008       0x1c c:/st/stm32cubeide_1.12.1/stm32cubeide/plugins/com.st.stm32cube.ide.mcu.externaltools.gnu-tools-for-stm32.10.3-2021.10.win32_1.0.200.202301161003/tools/bin/../lib/gcc/arm-none-eabi/10.3.1/thumb/v7e-m+fp/hard/crtbegin.o
 *(.bss*)
 .bss.millis    0x0000000020000024        0x4 ./Core/Src/main.o
                0x0000000020000024                millis
 .bss.LED_ON    0x0000000020000028        0x4 ./Core/Src/main.o
                0x0000000020000028                LED_ON
 .bss.Sleep_State
                0x000000002000002c        0x4 ./Core/Src/main.o
                0x000000002000002c                Sleep_State
 .bss.expe      0x0000000020000030        0x4 ./Core/Src/main.o
                0x0000000020000030                expe
 .bss.blue_mode
                0x0000000020000034        0x4 ./Core/Src/main.o
                0x0000000020000034                blue_mode
 *(COMMON)
                0x0000000020000038                . = ALIGN (0x4)
                0x0000000020000038                _ebss = .
                0x0000000020000038                __bss_end__ = _ebss

._user_heap_stack
                0x0000000020000038      0x600 load address 0x00000000080016bc
                0x0000000020000038                . = ALIGN (0x8)
                [!provide]                        PROVIDE (end = .)
                0x0000000020000038                PROVIDE (_end = .)
                0x0000000020000238                . = (. + _Min_Heap_Size)
 *fill*         0x0000000020000038      0x200 
                0x0000000020000638                . = (. + _Min_Stack_Size)
 *fill*         0x0000000020000238      0x400 
                0x0000000020000638                . = ALIGN (0x8)

/DISCARD/
 libc.a(*)
 libm.a(*)
 libgcc.a(*)

.ARM.attributes
                0x0000000000000000       0x30
 *(.ARM.attributes)
 .ARM.attributes
                0x0000000000000000       0x1e c:/st/stm32cubeide_1.12.1/stm32cubeide/plugins/com.st.stm32cube.ide.mcu.externaltools.gnu-tools-for-stm32.10.3-2021.10.win32_1.0.200.202301161003/tools/bin/../lib/gcc/arm-none-eabi/10.3.1/thumb/v7e-m+fp/hard/crti.o
 .ARM.attributes
                0x000000000000001e       0x34 c:/st/stm32cubeide_1.12.1/stm32cubeide/plugins/com.st.stm32cube.ide.mcu.externaltools.gnu-tools-for-stm32.10.3-2021.10.win32_1.0.200.202301161003/tools/bin/../lib/gcc/arm-none-eabi/10.3.1/thumb/v7e-m+fp/hard/crtbegin.o
 .ARM.attributes
                0x0000000000000052       0x34 ./Core/Src/clock.o
 .ARM.attributes
                0x0000000000000086       0x34 ./Core/Src/gpio.o
 .ARM.attributes
                0x00000000000000ba       0x34 ./Core/Src/main.o
 .ARM.attributes
                0x00000000000000ee       0x34 ./Core/Src/stm32l4xx_it.o
 .ARM.attributes
                0x0000000000000122       0x34 ./Core/Src/system_stm32l4xx.o
 .ARM.attributes
                0x0000000000000156       0x21 ./Core/Startup/startup_stm32l476rgtx.o
 .ARM.attributes
                0x0000000000000177       0x34 ./Drivers/STM32L4xx_HAL_Driver/Src/stm32l4xx_ll_utils.o
 .ARM.attributes
                0x00000000000001ab       0x34 c:/st/stm32cubeide_1.12.1/stm32cubeide/plugins/com.st.stm32cube.ide.mcu.externaltools.gnu-tools-for-stm32.10.3-2021.10.win32_1.0.200.202301161003/tools/bin/../lib/gcc/arm-none-eabi/10.3.1/../../../../arm-none-eabi/lib/thumb/v7e-m+fp/hard\libc_nano.a(lib_a-init.o)
 .ARM.attributes
                0x00000000000001df       0x1e c:/st/stm32cubeide_1.12.1/stm32cubeide/plugins/com.st.stm32cube.ide.mcu.externaltools.gnu-tools-for-stm32.10.3-2021.10.win32_1.0.200.202301161003/tools/bin/../lib/gcc/arm-none-eabi/10.3.1/thumb/v7e-m+fp/hard/crtn.o
OUTPUT(L476_blink_2023_IT.elf elf32-littlearm)
LOAD linker stubs
LOAD c:/st/stm32cubeide_1.12.1/stm32cubeide/plugins/com.st.stm32cube.ide.mcu.externaltools.gnu-tools-for-stm32.10.3-2021.10.win32_1.0.200.202301161003/tools/bin/../lib/gcc/arm-none-eabi/10.3.1/../../../../arm-none-eabi/lib/thumb/v7e-m+fp/hard\libc.a
LOAD c:/st/stm32cubeide_1.12.1/stm32cubeide/plugins/com.st.stm32cube.ide.mcu.externaltools.gnu-tools-for-stm32.10.3-2021.10.win32_1.0.200.202301161003/tools/bin/../lib/gcc/arm-none-eabi/10.3.1/../../../../arm-none-eabi/lib/thumb/v7e-m+fp/hard\libm.a
LOAD c:/st/stm32cubeide_1.12.1/stm32cubeide/plugins/com.st.stm32cube.ide.mcu.externaltools.gnu-tools-for-stm32.10.3-2021.10.win32_1.0.200.202301161003/tools/bin/../lib/gcc/arm-none-eabi/10.3.1/thumb/v7e-m+fp/hard\libgcc.a

.debug_info     0x0000000000000000     0x3c48
 .debug_info    0x0000000000000000      0xd43 ./Core/Src/clock.o
 .debug_info    0x0000000000000d43      0x62c ./Core/Src/gpio.o
 .debug_info    0x000000000000136f     0x14fb ./Core/Src/main.o
 .debug_info    0x000000000000286a      0x144 ./Core/Src/stm32l4xx_it.o
 .debug_info    0x00000000000029ae      0x5e1 ./Core/Src/system_stm32l4xx.o
 .debug_info    0x0000000000002f8f       0x22 ./Core/Startup/startup_stm32l476rgtx.o
 .debug_info    0x0000000000002fb1      0xc97 ./Drivers/STM32L4xx_HAL_Driver/Src/stm32l4xx_ll_utils.o

.debug_abbrev   0x0000000000000000      0xa6c
 .debug_abbrev  0x0000000000000000      0x16f ./Core/Src/clock.o
 .debug_abbrev  0x000000000000016f      0x1e4 ./Core/Src/gpio.o
 .debug_abbrev  0x0000000000000353      0x2f5 ./Core/Src/main.o
 .debug_abbrev  0x0000000000000648       0x80 ./Core/Src/stm32l4xx_it.o
 .debug_abbrev  0x00000000000006c8      0x13b ./Core/Src/system_stm32l4xx.o
 .debug_abbrev  0x0000000000000803       0x12 ./Core/Startup/startup_stm32l476rgtx.o
 .debug_abbrev  0x0000000000000815      0x257 ./Drivers/STM32L4xx_HAL_Driver/Src/stm32l4xx_ll_utils.o

.debug_aranges  0x0000000000000000      0x4b0
 .debug_aranges
                0x0000000000000000      0x148 ./Core/Src/clock.o
 .debug_aranges
                0x0000000000000148       0x60 ./Core/Src/gpio.o
 .debug_aranges
                0x00000000000001a8      0x128 ./Core/Src/main.o
 .debug_aranges
                0x00000000000002d0       0x58 ./Core/Src/stm32l4xx_it.o
 .debug_aranges
                0x0000000000000328       0x28 ./Core/Src/system_stm32l4xx.o
 .debug_aranges
                0x0000000000000350       0x28 ./Core/Startup/startup_stm32l476rgtx.o
 .debug_aranges
                0x0000000000000378      0x138 ./Drivers/STM32L4xx_HAL_Driver/Src/stm32l4xx_ll_utils.o

.debug_ranges   0x0000000000000000      0x448
 .debug_ranges  0x0000000000000000      0x138 ./Core/Src/clock.o
 .debug_ranges  0x0000000000000138       0x50 ./Core/Src/gpio.o
 .debug_ranges  0x0000000000000188      0x118 ./Core/Src/main.o
 .debug_ranges  0x00000000000002a0       0x48 ./Core/Src/stm32l4xx_it.o
 .debug_ranges  0x00000000000002e8       0x18 ./Core/Src/system_stm32l4xx.o
 .debug_ranges  0x0000000000000300       0x20 ./Core/Startup/startup_stm32l476rgtx.o
 .debug_ranges  0x0000000000000320      0x128 ./Drivers/STM32L4xx_HAL_Driver/Src/stm32l4xx_ll_utils.o

.debug_macro    0x0000000000000000    0x1e79f
 .debug_macro   0x0000000000000000      0x10e ./Core/Src/clock.o
 .debug_macro   0x000000000000010e      0xac6 ./Core/Src/clock.o
 .debug_macro   0x0000000000000bd4       0x2e ./Core/Src/clock.o
 .debug_macro   0x0000000000000c02       0x28 ./Core/Src/clock.o
 .debug_macro   0x0000000000000c2a       0x22 ./Core/Src/clock.o
 .debug_macro   0x0000000000000c4c       0x8e ./Core/Src/clock.o
 .debug_macro   0x0000000000000cda       0x51 ./Core/Src/clock.o
 .debug_macro   0x0000000000000d2b      0x103 ./Core/Src/clock.o
 .debug_macro   0x0000000000000e2e       0x6a ./Core/Src/clock.o
 .debug_macro   0x0000000000000e98      0x1df ./Core/Src/clock.o
 .debug_macro   0x0000000000001077       0x1c ./Core/Src/clock.o
 .debug_macro   0x0000000000001093       0x22 ./Core/Src/clock.o
 .debug_macro   0x00000000000010b5       0xfb ./Core/Src/clock.o
 .debug_macro   0x00000000000011b0     0x1011 ./Core/Src/clock.o
 .debug_macro   0x00000000000021c1      0x11f ./Core/Src/clock.o
 .debug_macro   0x00000000000022e0    0x1a13d ./Core/Src/clock.o
 .debug_macro   0x000000000001c41d       0x43 ./Core/Src/clock.o
 .debug_macro   0x000000000001c460      0x1b9 ./Core/Src/clock.o
 .debug_macro   0x000000000001c619      0x716 ./Core/Src/clock.o
 .debug_macro   0x000000000001cd2f      0x208 ./Core/Src/clock.o
 .debug_macro   0x000000000001cf37      0x4e5 ./Core/Src/clock.o
 .debug_macro   0x000000000001d41c      0x1a7 ./Core/Src/clock.o
 .debug_macro   0x000000000001d5c3      0x2f5 ./Core/Src/clock.o
 .debug_macro   0x000000000001d8b8      0x102 ./Core/Src/gpio.o
 .debug_macro   0x000000000001d9ba      0x16a ./Core/Src/gpio.o
 .debug_macro   0x000000000001db24      0x155 ./Core/Src/main.o
 .debug_macro   0x000000000001dc79      0x1bf ./Core/Src/main.o
 .debug_macro   0x000000000001de38      0x164 ./Core/Src/main.o
 .debug_macro   0x000000000001df9c       0xa7 ./Core/Src/main.o
 .debug_macro   0x000000000001e043      0x2cb ./Core/Src/main.o
 .debug_macro   0x000000000001e30e       0x2e ./Core/Src/main.o
 .debug_macro   0x000000000001e33c      0x14f ./Core/Src/stm32l4xx_it.o
 .debug_macro   0x000000000001e48b       0xd4 ./Core/Src/system_stm32l4xx.o
 .debug_macro   0x000000000001e55f      0x19f ./Drivers/STM32L4xx_HAL_Driver/Src/stm32l4xx_ll_utils.o
 .debug_macro   0x000000000001e6fe       0xa1 ./Drivers/STM32L4xx_HAL_Driver/Src/stm32l4xx_ll_utils.o

.debug_line     0x0000000000000000     0x3480
 .debug_line    0x0000000000000000      0xa90 ./Core/Src/clock.o
 .debug_line    0x0000000000000a90      0x5f8 ./Core/Src/gpio.o
 .debug_line    0x0000000000001088      0xcbf ./Core/Src/main.o
 .debug_line    0x0000000000001d47      0x648 ./Core/Src/stm32l4xx_it.o
 .debug_line    0x000000000000238f      0x538 ./Core/Src/system_stm32l4xx.o
 .debug_line    0x00000000000028c7       0x87 ./Core/Startup/startup_stm32l476rgtx.o
 .debug_line    0x000000000000294e      0xb32 ./Drivers/STM32L4xx_HAL_Driver/Src/stm32l4xx_ll_utils.o

.debug_str      0x0000000000000000    0xabd12
 .debug_str     0x0000000000000000    0xa76d9 ./Core/Src/clock.o
                                      0xa78be (size before relaxing)
 .debug_str     0x00000000000a76d9      0x96f ./Core/Src/gpio.o
                                      0x9f9e9 (size before relaxing)
 .debug_str     0x00000000000a8048     0x2d59 ./Core/Src/main.o
                                      0xaac15 (size before relaxing)
 .debug_str     0x00000000000aada1       0xad ./Core/Src/stm32l4xx_it.o
                                      0xa9ec6 (size before relaxing)
 .debug_str     0x00000000000aae4e       0xa9 ./Core/Src/system_stm32l4xx.o
                                      0x9e605 (size before relaxing)
 .debug_str     0x00000000000aaef7       0x36 ./Core/Startup/startup_stm32l476rgtx.o
                                         0x74 (size before relaxing)
 .debug_str     0x00000000000aaf2d      0xde5 ./Drivers/STM32L4xx_HAL_Driver/Src/stm32l4xx_ll_utils.o
                                      0xa52bd (size before relaxing)

.comment        0x0000000000000000       0x50
 .comment       0x0000000000000000       0x50 ./Core/Src/clock.o
                                         0x51 (size before relaxing)
 .comment       0x0000000000000050       0x51 ./Core/Src/gpio.o
 .comment       0x0000000000000050       0x51 ./Core/Src/main.o
 .comment       0x0000000000000050       0x51 ./Core/Src/stm32l4xx_it.o
 .comment       0x0000000000000050       0x51 ./Core/Src/system_stm32l4xx.o
 .comment       0x0000000000000050       0x51 ./Drivers/STM32L4xx_HAL_Driver/Src/stm32l4xx_ll_utils.o

.debug_frame    0x0000000000000000     0x11f0
 .debug_frame   0x0000000000000000      0x52c ./Core/Src/clock.o
 .debug_frame   0x000000000000052c      0x15c ./Core/Src/gpio.o
 .debug_frame   0x0000000000000688      0x4f8 ./Core/Src/main.o
 .debug_frame   0x0000000000000b80       0xf0 ./Core/Src/stm32l4xx_it.o
 .debug_frame   0x0000000000000c70       0x58 ./Core/Src/system_stm32l4xx.o
 .debug_frame   0x0000000000000cc8      0x4fc ./Drivers/STM32L4xx_HAL_Driver/Src/stm32l4xx_ll_utils.o
 .debug_frame   0x00000000000011c4       0x2c c:/st/stm32cubeide_1.12.1/stm32cubeide/plugins/com.st.stm32cube.ide.mcu.externaltools.gnu-tools-for-stm32.10.3-2021.10.win32_1.0.200.202301161003/tools/bin/../lib/gcc/arm-none-eabi/10.3.1/../../../../arm-none-eabi/lib/thumb/v7e-m+fp/hard\libc_nano.a(lib_a-init.o)
