stm32l4xx_ll_rtc.c:238:6:LL_RTC_StructInit	0	static
stm32l4xx_ll_rtc.c:340:6:LL_RTC_TIME_StructInit	0	static
stm32l4xx_ll_rtc.c:429:6:LL_RTC_DATE_StructInit	0	static
stm32l4xx_ll_rtc.c:452:13:LL_RTC_ALMA_Init	20	static
stm32l4xx_ll_rtc.c:570:13:LL_RTC_ALMB_Init	20	static
stm32l4xx_ll_rtc.c:680:6:LL_RTC_ALMA_StructInit	0	static
stm32l4xx_ll_rtc.c:702:6:LL_RTC_ALMB_StructInit	0	static
stm32l4xx_ll_rtc.c:727:13:LL_RTC_EnterInitMode	16	static
stm32l4xx_ll_rtc.c:138:13:LL_RTC_DeInit	8	static
stm32l4xx_ll_rtc.c:199:13:LL_RTC_Init	16	static
stm32l4xx_ll_rtc.c:771:13:LL_RTC_ExitInitMode	0	static
stm32l4xx_ll_rtc.c:798:13:LL_RTC_WaitForSynchro	16	static
stm32l4xx_ll_rtc.c:258:13:LL_RTC_TIME_Init	24	static
stm32l4xx_ll_rtc.c:361:13:LL_RTC_DATE_Init	24	static
